2021/12/25 23:19:37 log.go:21: Exit open faefaefaetgaetr: no such file or directory
2021/12/25 23:21:25 log.go:21: Exit open faefaefaetgaetr: no such file or directory
2021/12/25 23:21:45 /Users/kensho_i/environment/go_project/go_lesson/statementes/log.go:21: Exit open faefaefaetgaetr: no such file or directory
